// Jest Snapshot v1, https://goo.gl/fbAQLP

exports[`Confirmation component should render properly 1`] = `
<DocumentFragment>
  <div>
    <section
      class="lbh-page-announcement"
    >
      <h3
        class="lbh-page-announcement__title"
      >
        Done!
      </h3>
      <div
        class="lbh-page-announcement__content"
      >
        Your reference code
        <br />
        <strong>
          foo123456bar
        </strong>
      </div>
    </section>
    <div
      class="govuk-!-margin-bottom-7"
    >
      <div
        class="lbh-table-header"
      >
        <div
          class="sectionTitle"
        >
          <h3
            class="govuk-heading-m govuk-!-margin-bottom-0"
          >
            Foo Bar
          </h3>
        </div>
      </div>
      <dl
        class="govuk-summary-list"
      >
        <div
          class="govuk-summary-list__row"
        >
          <dt
            class="govuk-summary-list__key"
          >
            Foo
          </dt>
          <dd
            class="govuk-summary-list__value"
          >
            foo
          </dd>
        </div>
      </dl>
    </div>
  </div>
</DocumentFragment>
`;
