// Jest Snapshot v1, https://goo.gl/fbAQLP

exports[`Summary component should render properly 1`] = `
<DocumentFragment>
  <div>
    <div
      class="govuk-!-margin-bottom-7"
    >
      <div
        class="lbh-table-header"
      >
        <div
          class="sectionTitle"
        >
          <h3
            class="govuk-heading-m govuk-!-margin-bottom-0"
          >
            Foo Bar
          </h3>
          <a
            class="govuk-link lbh-link--no-visited-state"
            href="/foo/bar-foofoo-bar?fromSummary=true"
          >
            Change
          </a>
        </div>
      </div>
      <dl
        class="govuk-summary-list"
      >
        <div
          class="govuk-summary-list__row"
        >
          <dt
            class="govuk-summary-list__key"
          >
            Foo
          </dt>
          <dd
            class="govuk-summary-list__value"
          >
            foo
          </dd>
        </div>
      </dl>
    </div>
    <div
      style="display: flex;"
    >
      <button
        class="lbh-button govuk-button lbh-button--secondary govuk-button govuk-!-margin-right-1"
        data-module="govuk-button"
      >
        Cancel
      </button>
      <button
        class="lbh-button govuk-button govuk-button"
        data-module="govuk-button"
        style="min-width: 200px;"
      >
        Submit
      </button>
    </div>
  </div>
</DocumentFragment>
`;
