// Jest Snapshot v1, https://goo.gl/fbAQLP

exports[`ConfirmationBanner should title and content properly 1`] = `
<DocumentFragment>
  <section
    class="lbh-page-announcement"
  >
    <h4
      class="lbh-page-announcement__title"
    >
      This is the title
    </h4>
    <div
      class="lbh-page-announcement__content"
    >
      This is the content
    </div>
  </section>
</DocumentFragment>
`;
